GDTEST_ANALYZER_ERROR
Identifier "x" not declared in the current scope.
