GDTEST_ANALYZER_ERROR
Typed arrays are currently not supported for the rest parameter.
