GDTEST_OK
ttt
101
--
add
f
--
add
tt:1
--
add
tt:1
--
add
tt:2
--
foo
add
f
--
foo
add
tt:1
--
foo
add
tt:2
--
foo
bar
add
tt:1
--
foo
bar
t:1
--
foo
bar
t:2
