GDTEST_PARSER_ERROR
There is already a variable named "x" declared in this scope.
