GDTEST_ANALYZER_ERROR
Could not inheritance from trait, "TraitA".
