GDTEST_ANALYZER_ERROR
"some_abstract_function" variable shadows function in trait "TraitA".
