GDTEST_ANALYZER_ERROR
Implement function "some_abstract_function() -> void" since class uses "TraitA" trait.
