GDTEST_OK
>> WARNING
>> Line: 3
>> UNUSED_PRIVATE_CLASS_VARIABLE
>> The class variable "__a" that is private is declared but never used in the class.
>> WARNING
>> Line: 7
>> UNUSED_PRIVATE_CLASS_VARIABLE
>> The class variable "__d" that is private is declared but never used in the class.
